#-----------------------------------------------------------
# Vivado v2023.2 (64-bit)
# SW Build 4029153 on Fri Oct 13 20:13:54 MDT 2023
# IP Build 4028589 on Sat Oct 14 00:45:43 MDT 2023
# SharedData Build 4025554 on Tue Oct 10 17:18:54 MDT 2023
# Start of session at: Sat Mar  2 16:18:41 2024
# Process ID: 4507
# Current directory: /home/juan/Desktop/tempMac/simpleComputer/xilinx_simpleComputer/xilinx_simpleComputer.runs/synth_1
# Command line: vivado -log processor.vds -product Vivado -mode batch -messageDb vivado.pb -notrace -source processor.tcl
# Log file: /home/juan/Desktop/tempMac/simpleComputer/xilinx_simpleComputer/xilinx_simpleComputer.runs/synth_1/processor.vds
# Journal file: /home/juan/Desktop/tempMac/simpleComputer/xilinx_simpleComputer/xilinx_simpleComputer.runs/synth_1/vivado.jou
# Running On: xubu, OS: Linux, CPU Frequency: 2302.915 MHz, CPU Physical cores: 2, Host memory: 4092 MB
#-----------------------------------------------------------
source processor.tcl -notrace
